[2026-06-10 14:50:48] 12_report_pack.sh — TechGuard. | Project: Surya-test-vulnsite
[2026-06-10 14:50:48] Evidence base: /home/kali/audit-orc-vapt/pt-orc/scripts/evidence/TEST-WEBSITE-Jun2026-Orc
[2026-06-10 14:50:48] Output dir:    /home/kali/audit-orc-vapt/pt-orc/scripts/run
# Session Start — 12_report_pack.sh
# Time:        2026-06-10 14:50:48
# Project:     Surya-test-vulnsite
# Profile:     web
# Dry run:     0
# Retest:      0
# Evidence:    /home/kali/audit-orc-vapt/pt-orc/scripts/evidence/TEST-WEBSITE-Jun2026-Orc
[2026-06-10 14:50:48] Building scope.json ...
[2026-06-10 14:50:48]     targets.txt: 1 entries
[2026-06-10 14:50:48] [OK]   Targets consolidated: 2 unique entries
[2026-06-10 14:50:48] [WARN]   WINDOW_START not set — using 2026-05-27 (today-14d)
[2026-06-10 14:50:48] [WARN]   WINDOW_END not set — using 2026-06-24 (today+14d)
[2026-06-10 14:50:48] [OK] scope.json built — 2 targets, window 2026-05-27 → 2026-06-24
[2026-06-10 14:50:48] Building evidence_manifest.jsonl ...
[2026-06-10 14:50:48]     ev-001  [04_tls]  cert_443_20260610_141723.txt
[2026-06-10 14:50:48]     ev-002  [04_tls]  cert_4443_20260610_141914.txt
[2026-06-10 14:50:48]     ev-003  [04_tls]  cert_8443_20260610_142106.txt
[2026-06-10 14:50:48]     ev-004  [04_tls]  cert_ext_443_20260610_141723.txt
[2026-06-10 14:50:48]     ev-005  [04_tls]  cert_ext_4443_20260610_141914.txt
[2026-06-10 14:50:48]     ev-006  [04_tls]  cert_ext_8443_20260610_142106.txt
[2026-06-10 14:50:48]     ev-007  [05_web]  headers_443_20260610_141723.txt
[2026-06-10 14:50:48]     ev-008  [05_web]  headers_4443_20260610_141914.txt
[2026-06-10 14:50:48]     ev-009  [05_web]  headers_8443_20260610_142106.txt
[2026-06-10 14:50:48]     ev-010  [03_network]  nmap_tls_443_20260610_141723.gnmap
[2026-06-10 14:50:48]     ev-011  [03_network]  nmap_tls_443_20260610_141723.nmap
[2026-06-10 14:50:48]     ev-012  [03_network]  nmap_tls_4443_20260610_141914.gnmap
[2026-06-10 14:50:48]     ev-013  [03_network]  nmap_tls_4443_20260610_141914.nmap
[2026-06-10 14:50:48]     ev-014  [03_network]  nmap_tls_8443_20260610_142106.gnmap
[2026-06-10 14:50:48]     ev-015  [03_network]  nmap_tls_8443_20260610_142106.nmap
[2026-06-10 14:50:48]     ev-016  [05_web]  sec_headers_443_20260610_141723.txt
[2026-06-10 14:50:49]     ev-017  [05_web]  sec_headers_4443_20260610_141914.txt
[2026-06-10 14:50:49]     ev-018  [05_web]  sec_headers_8443_20260610_142106.txt
[2026-06-10 14:50:49]     ev-019  [04_tls]  tls_legacy_443_20260610_141723.txt
[2026-06-10 14:50:49]     ev-020  [04_tls]  tls_legacy_4443_20260610_141914.txt
[2026-06-10 14:50:49]     ev-021  [04_tls]  tls_legacy_8443_20260610_142106.txt
[2026-06-10 14:50:49]     ev-022  [01_dns]  all_subdomains_testphp.vulnweb.com_20260610_122355.txt
[2026-06-10 14:50:49]     ev-023  [01_dns]  all_subdomains_testphp.vulnweb.com_20260610_130606.txt
[2026-06-10 14:50:49]     ev-024  [01_dns]  all_subdomains_testphp.vulnweb.com_20260610_133553.txt
[2026-06-10 14:50:49]     ev-025  [01_dns]  all_targets_20260610_122355.txt
[2026-06-10 14:50:49]     ev-026  [01_dns]  all_targets_20260610_130606.txt
[2026-06-10 14:50:49]     ev-027  [01_dns]  all_targets_20260610_133553.txt
[2026-06-10 14:50:49]     ev-028  [01_dns]  axfr_testphp.vulnweb.com_20260610_122355.txt
[2026-06-10 14:50:49]     ev-029  [01_dns]  axfr_testphp.vulnweb.com_20260610_130606.txt
[2026-06-10 14:50:49]     ev-030  [01_dns]  axfr_testphp.vulnweb.com_20260610_133553.txt
[2026-06-10 14:50:49]     ev-031  [01_dns]  crt_testphp.vulnweb.com_20260610_122355.txt
[2026-06-10 14:50:49]     ev-032  [01_dns]  crt_testphp.vulnweb.com_20260610_130606.txt
[2026-06-10 14:50:49]     ev-033  [01_dns]  dnssec_testphp.vulnweb.com_20260610_122355.txt
[2026-06-10 14:50:49]     ev-034  [01_dns]  dnssec_testphp.vulnweb.com_20260610_130606.txt
[2026-06-10 14:50:49]     ev-035  [01_dns]  dnssec_testphp.vulnweb.com_20260610_133553.txt
[2026-06-10 14:50:49]     ev-036  [01_dns]  doh_testphp.vulnweb.com_20260610_122355.txt
[2026-06-10 14:50:49]     ev-037  [01_dns]  doh_testphp.vulnweb.com_20260610_130606.txt
[2026-06-10 14:50:49]     ev-038  [01_dns]  doh_testphp.vulnweb.com_20260610_133553.txt
[2026-06-10 14:50:49]     ev-039  [05_web]  hosts_enum_20260610_140218.csv
[2026-06-10 14:50:49]     ev-040  [05_web]  hosts_tcp_20260610_140027.csv
[2026-06-10 14:50:49]     ev-041  [05_web]  hosts_tls_20260610_145041.csv
[2026-06-10 14:50:49]     ev-042  [05_web]  hosts_udp_20260610_140209.csv
[2026-06-10 14:50:49]     ev-043  [05_web]  notes_enum_20260610_140218.csv
[2026-06-10 14:50:50]     ev-044  [05_web]  notes_tcp_20260610_140027.csv
[2026-06-10 14:50:50]     ev-045  [05_web]  notes_tls_20260610_145041.csv
[2026-06-10 14:50:50]     ev-046  [05_web]  notes_udp_20260610_140209.csv
[2026-06-10 14:50:50]     ev-047  [05_web]  services_enum_20260610_140218.csv
[2026-06-10 14:50:50]     ev-048  [05_web]  services_tcp_20260610_140027.csv
[2026-06-10 14:50:50]     ev-049  [05_web]  services_tls_20260610_145041.csv
[2026-06-10 14:50:50]     ev-050  [05_web]  services_udp_20260610_140209.csv
[2026-06-10 14:50:50]     ev-051  [05_web]  geo_44_228_249_3.json
[2026-06-10 14:50:50]     ev-052  [05_web]  ipinfo_44_228_249_3.json
[2026-06-10 14:50:50]     ev-053  [05_web]  summary_44_228_249_3.md
[2026-06-10 14:50:50]     ev-054  [05_web]  traceroute_44_228_249_3.txt
[2026-06-10 14:50:50]     ev-055  [05_web]  whois_44_228_249_3.txt
[2026-06-10 14:50:50]     ev-056  [05_web]  masscan_excludes.txt
[2026-06-10 14:50:50]     ev-057  [05_web]  nse_common_20260610_135910.gnmap
[2026-06-10 14:50:50]     ev-058  [05_web]  nse_common_20260610_135910.nmap
[2026-06-10 14:50:50]     ev-059  [05_web]  nse_vapt_db_20260610_135926.gnmap
[2026-06-10 14:50:50]     ev-060  [05_web]  nse_vapt_db_20260610_135926.nmap
[2026-06-10 14:50:50]     ev-061  [05_web]  nse_vapt_ftp_20260610_135926.gnmap
[2026-06-10 14:50:50]     ev-062  [05_web]  nse_vapt_ftp_20260610_135926.nmap
[2026-06-10 14:50:51]     ev-063  [05_web]  nse_vapt_rdp_20260610_135926.gnmap
[2026-06-10 14:50:51]     ev-064  [05_web]  nse_vapt_rdp_20260610_135926.nmap
[2026-06-10 14:50:51]     ev-065  [05_web]  nse_vapt_shellshock_20260610_135926.gnmap
[2026-06-10 14:50:51]     ev-066  [05_web]  nse_vapt_shellshock_20260610_135926.nmap
[2026-06-10 14:50:51]     ev-067  [05_web]  nse_vapt_smb_20260610_135926.gnmap
[2026-06-10 14:50:51]     ev-068  [05_web]  nse_vapt_smb_20260610_135926.nmap
[2026-06-10 14:50:51]     ev-069  [05_web]  nse_vapt_ssl_20260610_135926.gnmap
[2026-06-10 14:50:51]     ev-070  [05_web]  nse_vapt_ssl_20260610_135926.nmap
[2026-06-10 14:50:51]     ev-071  [05_web]  os_detect_normal_20260610_140019.gnmap
[2026-06-10 14:50:51]     ev-072  [05_web]  os_detect_normal_20260610_140019.nmap
[2026-06-10 14:50:51]     ev-073  [05_web]  targets_normal.txt
[2026-06-10 14:50:51]     ev-074  [05_web]  targets_nse_sweep.txt
[2026-06-10 14:50:51]     ev-075  [05_web]  targets_os_normal.txt
[2026-06-10 14:50:51]     ev-076  [05_web]  targets_udp_fallback.txt
[2026-06-10 14:50:51]     ev-077  [05_web]  tcp_deep_normal_20260610_133914.gnmap
[2026-06-10 14:50:51]     ev-078  [05_web]  tcp_deep_normal_20260610_133914.nmap
[2026-06-10 14:50:51]     ev-079  [05_web]  udp_fallback_20260610_140032.gnmap
[2026-06-10 14:50:51]     ev-080  [05_web]  udp_fallback_20260610_140032.nmap
[2026-06-10 14:50:51] [OK] Evidence manifest built — 80 items
[2026-06-10 14:50:51] Collecting findings ...
[2026-06-10 14:50:51]   Step 1: pre-generated findings from phase scripts ...
[2026-06-10 14:50:51]     Pre-generated findings loaded: 0
[2026-06-10 14:50:51]   Step 2: pattern-based detection across evidence files ...
[2026-06-10 14:50:51] FINDING: medium [05_web] Multiple security headers missing (14) — sec_headers_443_20260610_141723.txt
[2026-06-10 14:50:51] FINDING: medium [05_web] Multiple security headers missing (14) — sec_headers_4443_20260610_141914.txt
[2026-06-10 14:50:51] FINDING: medium [05_web] Multiple security headers missing (14) — sec_headers_8443_20260610_142106.txt
[2026-06-10 14:50:53] [OK] Findings collected — 3 total
[2026-06-10 14:50:53] Building report_bundle.json ...
[2026-06-10 14:50:53] [OK] report_bundle.json built — residual: Medium — remediation recommended
[2026-06-10 14:50:53] Writing output to /home/kali/audit-orc-vapt/pt-orc/scripts/run/Surya-test-vulnsite_20260610_145048/ ...
[2026-06-10 14:50:53] [OK]   scope.json written
[2026-06-10 14:50:53] [OK]   evidence_manifest.jsonl written (80 items)
[2026-06-10 14:50:53] [OK]   findings.jsonl written (3 findings)
[2026-06-10 14:50:53] [OK]   report_bundle.json written
# Session End — 12_report_pack.sh
# Time:        2026-06-10 14:50:53
# Project:     Surya-test-vulnsite
# Run dir:     /home/kali/audit-orc-vapt/pt-orc/scripts/run/Surya-test-vulnsite_20260610_145048
# Evidence:    80
# Findings:    3 (C:0 H:0 M:3 L:0 I:0)
# Residual:    Medium — remediation recommended
